GoogleBot
DotBot
BLEXBot
UptimeRobot
Pingoscope
archive.org_bot
bingbot
YandexBot
Riddlerbot
SiteProbe
MetaJobBot
Mail.Ru bot
omgilibot
MJ12bot
Woko
Baiduspider
SMTBot
CloudServerMarketSpider
Lipperhey Spider
360Spider
SeznamBot
Exabot
MjeekBot
FlipboardProxy
Yahoo!
linkdexbot
Ahrefsbot
GrapeshotCrawler
HyperCrawl
proximic
NaverBot
spbot
Testamatobot
DomainAppender
monitor.us
sogou spider
GigablastOpenSource
Crawler4j
ChangeDetection
SEOkicks-Robot
MSNBot
Daumoa
SearchmetricsBot
JamesBot
panscient.com
psbot
ProductoDownloadUrlBot
coccoc
seegnifybot
Kraken
gocrawl
ExactSeek
Spinn3r
Genieo Web filter
meanpathbot
Wotbox
Netseer
ZumBot
Web-sniffer.me/1.0.0
WeSEE
ThumbSniper
rogerbot
ichiro
Vagabondo
Applebot
ShowyouBot
bitlybot
Cliqzbot
SemrushBot
aiHitBot
ScoutJet
yacybot
Nigma.ru
woobot
online-webceo-bot
SEOCentro bot
GTmetrix
it2media-domain-crawler
RavenCrawler
Aboundexbot
voltron
SiteUptime.com
downnotifier.com monitoring
internetVista monitor
websitepulse checker
nomore404.com robot
LinqiaBot
OrangeBot
ServiceUptime.robot
MegaIndex.ru
DuckDuckBot
oBot
FacebookExternalHit
404 Checker
netEstate Crawler
Web-sniffer
uMBot
TurnitinBot
HostTracker
mindUpBot
parsijoo-bot
Steeler
NextGenSearchBot
yoozBot
idmarch
ExpertSearchSpider
dubaiindex
NetcraftSurveyAgent
BDFetch
iCjobs
Sitedomain-Bot
Seobility
SEOdiver
Blekkobot
YioopBot
Speedy Spider
CCBot
Plukkie
WBSearchBot
webinatorBot
houzzbot
SentiBot
COMODOSpider
Superarama
WeViKaBot
deadlinkchecker
Tools4noobs.com Spider
Motoricerca-Robots.txt-Checker
Robots_Tester
Promotion_Tools
WhatsMyIP.org
SBSearch
gimmeUSAbot
w3dt.net httphr
contentDetection
stq_bot
SputnikBot
NalezenCzBot
SeoCheckBot
tagSeoBot
bot-pge.chlooe.com
CoinCornerBot
Wappalyzer
Job Roboter Spider
Jyxobot
linkapediabot
ZeerchBot
XoviBot
Bad-Neighborhood
AntBot
SemanticScholarBot
LinkMarketbot
RankFlex.com Webspider
BDCbot
WbSrch
Link Valet Online
Page Valet
dlcbot
Online Domain Tools
search.KumKie.com
BCKLINKS
LCC
Alexabot
HeartRailsBot
Pagespeed
EasouSpider
BacklinkCrawler
woriobot
semantic-visions.com crawler
Gluten Free Crawler
LinkTiger
SpiderLing
2Bone
PowerMapper Crawler
BrokenLinkCheck.com
BUbiNG
ImplisenseBot
Experibot
UASlinkChecker
Thumbshots.ru
Apercite
webmastercoffee
YamanaLab-bot
007AC9
TweetmemeBot
Impressumscrawler
Vorboss Web Crawler
Avira crawler
MixBot
R6 bot
DomainTunoCrawler
WorldBrewBot
IntegromeDB
Port Monitor check service
KimonoLabs
ICC-Crawler
LoadImpact
Websnapr
CukBot
memoryBot
Quantify
trendictionbot
NLNZ_IAHarvester
UptimeDog
WebThumb
linkpeek
ia_archiver
METASpider
Site24x7
Pandeo Bot
agentslug
Siteliner
sistrix
MnoGoSearch
AboutUsBot
JobdiggerSpider
IstellaBot
sukibot_heritrix
HubSpot Crawler
OptimizationCrawler
Abrave Spider
Leikibot
GozaikBot
Browsershots
Itbot
Scrubby
bixocrawler
bl.uk.lddc_bot
alyze.info
bnf.fr_bot
OpenWebSpider
Qualidator.com Bot
ShopWiki
EuripBot
magpie-crawler
A6-Indexer
Qirina Hurdler
MergeFlow-PageReader
imrbot
TinEye
linguatools
YoudaoBot
MarketBrewBot
kinshoo
Divr.it/1.0
MetaGeneratorCrawler
OpenCalaisSemanticProxy
Infoheifer
GetFoundBot
LivelapBot/0.2
URLAppendBot
SEOENGBot
UnisterBot
FreeWebMonitoring SiteChecker
LinkWalker
CareerBot
Wordpress.com mShots
WebTarantula.com Crawler
NerdyBot
CrawyWebCrawler-Spider
Scrapy
WebThumbnail
divr.it
TomTom places company search
HypeStat
AddThis.com
datagnionbot
MiaDev
Pinterest
SurcentroBot
Peeplo Screenshot Bot
AMZNKAssocBot
SCFCrawler
LinkedInBot
thumbshots-de-Bot
pr-cy.ru Screenshot Bot
AskQuickly
STINbot
WebCorp
socialbm_bot
Company News Search engine
x28-job-bot
EveryoneSocialBot
Ezooms
Symfony Spider
Iframely
KrOWLer
Twingly Recon
Arachnophilia
eCommerceBot
emefgebot
Nuhk
Najdi.si
electricmonk
SecurityResearchBot
YYSpider
200PleaseBot
nekstbot
LoadTimeBot
musobot
CompSpyBot
hawkReader
PercolateCrawler
Butterfly
008
Slackbot
Falconsbot
SSL-Crawler
Embedly
backlink-check.de
PayPal IPN
adressendeutschland.de
XRL
IdeelaborPlagiaat
SiteCondor
Web-Monitoring
Vedma
GarlikCrawler
FyberSpider
classbot
Feedly
WebCookies
CloudFlare-AlwaysOnline
Readability
suggybot
CatchBot
Jabse.com Crawler
ExB Language Crawler
kulturarw
BrainbruBot
KomodiaBot
IXEbot
CMS Crawler
immediatenet thumbnails
Shareaholicbot
Qualidator.com SiteAnalyzer 1.0
BegunAdvertising
LuminateBot
linkdex.com
Curious George
Fetch-Guess
AraBot
ClizqBot
findlinks
CCResearchBot
Semantifire
LinkAider
Zookabot
ScreenerBot Crawler
PaperLiBot
QuerySeekerSpider
Crowsnest
UnwindFetchor
MetaURI API
AcoonBot
Gigabot
firmilybot
Sosospider
OpenindexSpider
MetaHeadersBot
Strokebot
GeliyooBot
ownCloud Server Crawler
CirrusExplorer
ProCogSEOBot
Open Web Analytics Bot
RyzeCrawler
discoverybot
crawler for netopian
ADmantX Platform Semantic Analyzer
Linguee Bot
SolomonoBot
Grahambot
Automattic Analytics Crawler
PipiBot
FlightDeckReportsBot
fastbot crawler
4seohuntBot
Updownerbot
KikeSpider
wsAnalyzer
YodaoBot
Esribot
BlogPulse
bot.wsowner.com
wscheck.com
Qseero
drupack
HuaweiSymantecSpider
PagePeeker
HomeTags
facebookplatform
Elefent
Pixray-Seeker
MeMoNewsBot
ProCogBot
WillyBot
peerindex
MLBot
WebNL
Peepowbot
Semager
MIA Bot
heritrix
Eurobot
DripfeedBot
Whoismindbot
Hailoobot
akula
MetamojiCrawler
Page2RSS
EasyBib AutoCite
NerByNature.Bot
EventGuruBot
quickobot
gonzo
Influenctbot
MSRBOT
Ronzoobot
Twikle
SWEBot
RADaR-Bot
DCPbot
Castabot
imbot
EdisterBot
WASALive-Bot
Accelobot
PostPost
factbot
Setoozbot
biwec
Search17Bot
Lijit
JUST-CRAWLER
pmoz.info ODP link checker
LemurWebCrawler
Covario-IDS
Holmes
RankurBot
envolk
Ask Jeeves/Teoma
LexxeBot
StackRambler
EveriNid
arachode.net
CamontSpider
wikiwix-bot
Nymesis
trendictionbot
SEODat
SygolBot
Snapbot
ZookaBot
CligooRobot
cityreview
nworm
SBlder
TwengaBot
Dot TK - spider
ParchBot
Peew
YRSpider
Urlfiflebo (Urlbot)
Gaisbot
WatchMouse
Tagoobot
WebWatch/Robot_txtChecker
urlfan-bot
StatooIsBot
page_verifier
SSLBot
SAI Crawler
DomainDB
WMCAI_robot
voyager
